// Jest Snapshot v1, https://goo.gl/fbAQLP

exports[`Home component Renders correctly 1`] = `
Array [
  <h2>
    Welcome to our page!
  </h2>,
  <div
    className="lorem"
  >
    <p>
      Lorem ipsum dolor sit amet, consectetur adipisicing elit, sed do eiusmod tempor incididunt ut labore et dolore magna aliqua. Ut enim ad minim veniam, quis nostrud exercitation ullamco laboris nisi ut aliquip ex ea commodo consequat. Duis aute irure in reprehenderit in voluptate velit esse cillum dolore eu fugiat nulla pariatur. Excepteur sint occaecat cupidatat non proident, sunt in culpa qui o!cia deserunt mollit anim id est laborum. Ipsu
    </p>
    <p>
      Lorem ipsum dolor sit amet, consectetur adipisicing elit, sed do eiusmod tempor incididunt ut labore et dolore magna aliqua. Ut enim ad minim veniam, quis nostrud exercitation ullamco laboris nisi ut aliquip ex ea commodo consequat. Duis aute irure in reprehenderit in voluptate velit esse cillum dolore eu fugiat nulla pariatur. Excepteur sint occaecat cupidatat non proident, sunt in culpa qui o!cia deserunt mollit anim id est laborum. Ipsu
    </p>
  </div>,
]
`;
